
> @figma/my-make-file@0.0.1 build
> vite build

[36mvite v6.3.5 [32mbuilding for production...[36m[39m
transforming...
[32mÔ£ô[39m 2142 modules transformed.
