
> @figma/my-make-file@0.0.1 build
> vite build

[36mvite v6.3.5 [32mbuilding for production...[36m[39m
transforming...
[32mÔ£ô[39m 2142 modules transformed.
node.exe : [31mÔ£ù[39m Build failed in 4.57s
No linha:1 caractere:1
+ & "C:\Program Files\nodejs/node.exe" "C:\Users\Claudia\AppData\Roamin ...
+ ~~~~~~~~~~~~~~~~~~~~~~~~~~~~~~~~~~~~~~~~~~~~~~~~~~~~~~~~~~~~~~~~~~~~~
    + CategoryInfo          : NotSpecified: ([31mÔ£ù[39m Build failed in 4.57s:String) [], RemoteException
    + FullyQualifiedErrorId : NativeCommandError
 
[31merror during build:
[31msrc/app/components/SystemComponents.tsx (8:9): "CHAMBER_COLOR" is not exported by "src/app/components/shell-types.ts", imported by 
"src/app/components/SystemComponents.tsx".[31m
file: [36mC:/Users/Claudia/Desktop/project final resume/Aiinterfaceshelldesign/src/app/components/SystemComponents.tsx:8:9[31m
[33m
 6: 
 7: import React from "react";
 8: import { CHAMBER_COLOR } from "./shell-types";
             ^
 9: 
10: // ÔöÇÔöÇÔöÇ Shared Styles ÔöÇÔöÇÔöÇÔöÇÔöÇÔöÇÔöÇÔöÇÔöÇÔöÇÔöÇÔöÇÔöÇÔöÇÔöÇÔöÇÔöÇÔöÇÔöÇÔöÇÔöÇÔöÇÔöÇÔöÇÔöÇÔöÇÔöÇÔöÇÔöÇÔöÇÔöÇÔöÇÔöÇÔöÇÔöÇÔöÇÔöÇÔö
ÇÔöÇÔöÇÔöÇÔöÇÔöÇÔöÇÔöÇÔöÇÔöÇÔöÇÔöÇÔöÇÔöÇÔöÇÔöÇÔöÇÔöÇÔöÇÔöÇÔöÇÔöÇÔöÇ
[31m
    at getRollupError 
(file:///C:/Users/Claudia/Desktop/project%20final%20resume/Aiinterfaceshelldesign/node_modules/rollup/dist/es/shared/parseAst.js:406:41)
    at error 
(file:///C:/Users/Claudia/Desktop/project%20final%20resume/Aiinterfaceshelldesign/node_modules/rollup/dist/es/shared/parseAst.js:402:42)
    at Module.error 
(file:///C:/Users/Claudia/Desktop/project%20final%20resume/Aiinterfaceshelldesign/node_modules/rollup/dist/es/shared/node-entry.js:17380:16)
    at Module.traceVariable 
(file:///C:/Users/Claudia/Desktop/project%20final%20resume/Aiinterfaceshelldesign/node_modules/rollup/dist/es/shared/node-entry.js:17813:29)
    at ModuleScope.findVariable 
(file:///C:/Users/Claudia/Desktop/project%20final%20resume/Aiinterfaceshelldesign/node_modules/rollup/dist/es/shared/node-entry.js:15403:39)
    at FunctionScope.findVariable 
(file:///C:/Users/Claudia/Desktop/project%20final%20resume/Aiinterfaceshelldesign/node_modules/rollup/dist/es/shared/node-entry.js:5676:38)
    at FunctionBodyScope.findVariable 
(file:///C:/Users/Claudia/Desktop/project%20final%20resume/Aiinterfaceshelldesign/node_modules/rollup/dist/es/shared/node-entry.js:5676:38)
    at Identifier.bind 
(file:///C:/Users/Claudia/Desktop/project%20final%20resume/Aiinterfaceshelldesign/node_modules/rollup/dist/es/shared/node-entry.js:5450:40)
    at MemberExpression.bind 
(file:///C:/Users/Claudia/Desktop/project%20final%20resume/Aiinterfaceshelldesign/node_modules/rollup/dist/es/shared/node-entry.js:2832:23)
    at MemberExpression.bind 
(file:///C:/Users/Claudia/Desktop/project%20final%20resume/Aiinterfaceshelldesign/node_modules/rollup/dist/es/shared/node-entry.js:7410:19)[39m
